// Jest Snapshot v1, https://goo.gl/fbAQLP

exports[`ContactData tests renders correctly 1`] = `
<div>
  <div
    class="ContactData"
  >
    <h3>
      Enter your Contact Data
    </h3>
    <form>
      <div
        class="Input"
      >
        <label
          class="Label"
        />
        <input
          class="InputElement"
          placeholder="Your Name"
          type="text"
          value=""
        />
      </div>
      <div
        class="Input"
      >
        <label
          class="Label"
        />
        <input
          class="InputElement"
          placeholder="Street"
          type="text"
          value=""
        />
      </div>
      <div
        class="Input"
      >
        <label
          class="Label"
        />
        <select
          class="InputElement"
        >
          <option
            value="WA"
          >
            WA
          </option>
          <option
            value="CA"
          >
            CA
          </option>
          <option
            value="TX"
          >
            TX
          </option>
          <option
            value="UT"
          >
            UT
          </option>
          <option
            value="VT"
          >
            VT
          </option>
          <option
            value="TN"
          >
            TN
          </option>
          <option
            value="VA"
          >
            VA
          </option>
          <option
            value="AL"
          >
            AL
          </option>
        </select>
      </div>
      <div
        class="Input"
      >
        <label
          class="Label"
        />
        <input
          class="InputElement"
          placeholder="ZIP Code"
          type="text"
          value=""
        />
      </div>
      <div
        class="Input"
      >
        <label
          class="Label"
        />
        <input
          class="InputElement"
          placeholder="Your E-Mail"
          type="email"
          value=""
        />
      </div>
      <div
        class="Input"
      >
        <label
          class="Label"
        />
        <select
          class="InputElement"
        >
          <option
            value="fastest"
          >
            Fastest
          </option>
          <option
            value="cheapest"
          >
            Cheapest
          </option>
        </select>
      </div>
      <div
        class="Input"
      >
        <label
          class="Label"
        >
          What is your favorite genre?
        </label>
        <div
          class="Radio"
        >
          <label
            class="Radio"
            for="Biography"
          >
            Biography
          </label>
          <input
            class="Radio"
            id="Biography"
            name="FavoriteGenre"
            type="radio"
            value="Biography"
          />
          <label
            class="Radio"
            for="Art"
          >
            Art
          </label>
          <input
            class="Radio"
            id="Art"
            name="FavoriteGenre"
            type="radio"
            value="Art"
          />
          <label
            class="Radio"
            for="Business"
          >
            Business
          </label>
          <input
            class="Radio"
            id="Business"
            name="FavoriteGenre"
            type="radio"
            value="Business"
          />
        </div>
      </div>
      <div
        class="Input"
      >
        <label
          class="Label"
          for="ReceivePromotionalEmails"
        >
          Receive Promotional Emails
        </label>
        <input
          class="CheckBox"
          id="ReceivePromotionalEmails"
          type="checkbox"
          value="Yes"
        />
      </div>
      <button
        class="Button Danger"
      >
        Cancel
      </button>
      <button
        class="Button Success"
        disabled=""
      >
        Order
      </button>
    </form>
  </div>
</div>
`;
