// Jest Snapshot v1, https://goo.gl/fbAQLP

exports[`Category tests renders correctly 1`] = `
<div>
  <div
    class="wrapper"
  >
    <main
      class="main"
    >
      <ul
        class="ul"
      >
        <li
          class="li"
        >
          <a
            class="link"
            href="/book/1"
          >
            Psychology
          </a>
        </li>
        <li
          class="li"
        >
          <a
            class="link"
            href="/book/2"
          >
            Philosophy
          </a>
        </li>
        <li
          class="li"
        >
          <a
            class="link"
            href="/book/3"
          >
            Sociology
          </a>
        </li>
        <li
          class="li"
        >
          <a
            class="link"
            href="/book/4"
          >
            Environment
          </a>
        </li>
        <li
          class="li"
        >
          <a
            class="link"
            href="/book/5"
          >
            Science
          </a>
        </li>
        <li
          class="li"
        >
          <a
            class="link"
            href="/book/6"
          >
            Anthropology
          </a>
        </li>
      </ul>
    </main>
  </div>
</div>
`;
